[04-10 18:08:00]: [INFO] Created column 'regdate' and set the current timestamp, 1775815680654, to all 0 rows
[04-10 18:08:00]: [INFO] SQLite Setup finished
[04-10 18:08:00]: [INFO] Hooked into LuckPerms!
[04-10 18:08:00]: [INFO] Hooked successfully into PlaceholderAPI
[04-10 18:08:01]: [INFO] 
    ___         __  __    __  ___   
   /   | __  __/ /_/ /_  /  |/  /__ 
  / /| |/ / / / __/ __ \/ /|_/ / _ \
 / ___ / /_/ / /_/ / / / /  / /  __/
/_/  |_\__,_/\__/_/ /_/_/  /_/\___/ 
                                    
[04-10 18:08:01]: [INFO] AuthMeReReloaded is running on Folia
[04-10 18:08:01]: [INFO] AuthMeReReloaded is enabled successfully!
[04-10 18:08:01]: [INFO] GitHub: https://github.com/HaHaWTH/AuthMeReReloaded/
[04-10 18:08:01]: [INFO] Checking for updates...
[04-10 18:08:01]: [INFO] You are running the latest version.
[04-10 18:09:31]: [INFO] SQLite Setup finished
[04-10 18:09:31]: [INFO] Hooked into LuckPerms!
[04-10 18:09:31]: [INFO] Hooked successfully into PlaceholderAPI
[04-10 18:09:31]: [INFO] 
    ___         __  __    __  ___   
   /   | __  __/ /_/ /_  /  |/  /__ 
  / /| |/ / / / __/ __ \/ /|_/ / _ \
 / ___ / /_/ / /_/ / / / /  / /  __/
/_/  |_\__,_/\__/_/ /_/_/  /_/\___/ 
                                    
[04-10 18:09:31]: [INFO] AuthMeReReloaded is running on Folia
[04-10 18:09:31]: [INFO] AuthMeReReloaded is enabled successfully!
[04-10 18:09:31]: [INFO] GitHub: https://github.com/HaHaWTH/AuthMeReReloaded/
[04-10 18:09:31]: [INFO] Checking for updates...
[04-10 18:09:31]: [INFO] You are running the latest version.
[04-10 18:13:14]: [INFO] SQLite Setup finished
[04-10 18:13:14]: [INFO] Hooked into LuckPerms!
[04-10 18:13:14]: [INFO] Hooked successfully into PlaceholderAPI
[04-10 18:13:14]: [INFO] 
    ___         __  __    __  ___   
   /   | __  __/ /_/ /_  /  |/  /__ 
  / /| |/ / / / __/ __ \/ /|_/ / _ \
 / ___ / /_/ / /_/ / / / /  / /  __/
/_/  |_\__,_/\__/_/ /_/_/  /_/\___/ 
                                    
[04-10 18:13:14]: [INFO] AuthMeReReloaded is running on Folia
[04-10 18:13:14]: [INFO] AuthMeReReloaded is enabled successfully!
[04-10 18:13:14]: [INFO] GitHub: https://github.com/HaHaWTH/AuthMeReReloaded/
[04-10 18:13:14]: [INFO] Checking for updates...
[04-10 18:13:14]: [INFO] You are running the latest version.
[04-10 18:14:08]: [INFO:FINE] txro logged in 127.0.0.1
[04-10 18:14:08]: [INFO:FINE] txro registered 127.0.0.1
[04-10 18:17:19]: [INFO:FINE] txrog registered 127.0.0.1
[04-10 18:17:46]: [INFO:FINE] txrog logged in 127.0.0.1
[04-10 18:21:58]: [INFO] SQLite Setup finished
[04-10 18:21:58]: [INFO] Hooked into LuckPerms!
[04-10 18:21:59]: [INFO] Hooked successfully into PlaceholderAPI
[04-10 18:21:59]: [INFO] 
    ___         __  __    __  ___   
   /   | __  __/ /_/ /_  /  |/  /__ 
  / /| |/ / / / __/ __ \/ /|_/ / _ \
 / ___ / /_/ / /_/ / / / /  / /  __/
/_/  |_\__,_/\__/_/ /_/_/  /_/\___/ 
                                    
[04-10 18:21:59]: [INFO] AuthMeReReloaded is running on Folia
[04-10 18:21:59]: [INFO] AuthMeReReloaded is enabled successfully!
[04-10 18:21:59]: [INFO] GitHub: https://github.com/HaHaWTH/AuthMeReReloaded/
[04-10 18:21:59]: [INFO] Checking for updates...
[04-10 18:21:59]: [INFO] You are running the latest version.
[04-10 18:22:22]: [INFO:FINE] txrog logged in 127.0.0.1
[04-10 22:18:40]: [INFO] H2 Setup finished
[04-10 22:18:40]: [INFO] Using virtual threads for cache loader
[04-10 22:18:40]: [INFO] Hooked into LuckPerms!
[04-10 22:18:40]: [INFO] Hooked successfully into PlaceholderAPI
[04-10 22:18:40]: [INFO] 
    ___         __  __    __  ___   
   /   | __  __/ /_/ /_  /  |/  /__ 
  / /| |/ / / / __/ __ \/ /|_/ / _ \
 / ___ / /_/ / /_/ / / / /  / /  __/
/_/  |_\__,_/\__/_/ /_/_/  /_/\___/ 
                                    
[04-10 22:18:40]: [INFO] AuthMeReReloaded is running on Folia
[04-10 22:18:40]: [INFO] AuthMeReReloaded is enabled successfully!
[04-10 22:18:40]: [INFO] GitHub: https://github.com/HaHaWTH/AuthMeReReloaded/
[04-10 22:18:40]: [INFO] Checking for updates...
[04-10 22:18:41]: [INFO] You are running the latest version.
[04-10 22:21:27]: [INFO] H2 Setup finished
[04-10 22:21:27]: [INFO] Using virtual threads for cache loader
[04-10 22:21:27]: [INFO] Hooked into LuckPerms!
[04-10 22:21:27]: [INFO] Hooked successfully into PlaceholderAPI
[04-10 22:21:27]: [INFO] 
    ___         __  __    __  ___   
   /   | __  __/ /_/ /_  /  |/  /__ 
  / /| |/ / / / __/ __ \/ /|_/ / _ \
 / ___ / /_/ / /_/ / / / /  / /  __/
/_/  |_\__,_/\__/_/ /_/_/  /_/\___/ 
                                    
[04-10 22:21:27]: [INFO] AuthMeReReloaded is running on Folia
[04-10 22:21:27]: [INFO] AuthMeReReloaded is enabled successfully!
[04-10 22:21:27]: [INFO] GitHub: https://github.com/HaHaWTH/AuthMeReReloaded/
[04-10 22:21:27]: [INFO] Checking for updates...
[04-10 22:21:27]: [INFO] You are running the latest version.
[04-10 22:22:39]: [INFO:FINE] txrog logged in 127.0.0.1
[04-10 22:22:39]: [INFO:FINE] txrog registered 127.0.0.1
[04-10 22:23:38]: [INFO:FINE] txrog logged in 127.0.0.1
[04-10 22:32:57]: [INFO:FINE] txrog logged in 127.0.0.1
[04-10 22:34:44]: [INFO] H2 Setup finished
[04-10 22:34:44]: [INFO] Using virtual threads for cache loader
[04-10 22:34:45]: [INFO] Hooked into LuckPerms!
[04-10 22:34:45]: [INFO] Hooked successfully into PlaceholderAPI
[04-10 22:34:45]: [INFO] 
    ___         __  __    __  ___   
   /   | __  __/ /_/ /_  /  |/  /__ 
  / /| |/ / / / __/ __ \/ /|_/ / _ \
 / ___ / /_/ / /_/ / / / /  / /  __/
/_/  |_\__,_/\__/_/ /_/_/  /_/\___/ 
                                    
[04-10 22:34:45]: [INFO] AuthMeReReloaded is running on Folia
[04-10 22:34:45]: [INFO] AuthMeReReloaded is enabled successfully!
[04-10 22:34:45]: [INFO] GitHub: https://github.com/HaHaWTH/AuthMeReReloaded/
[04-10 22:34:45]: [INFO] Checking for updates...
[04-10 22:34:45]: [INFO] You are running the latest version.
[04-10 22:36:57]: [INFO:FINE] txrog logged in 127.0.0.1
[04-10 23:12:52]: [INFO] H2 Setup finished
[04-10 23:12:52]: [INFO] Using virtual threads for cache loader
[04-10 23:12:52]: [INFO] Hooked into LuckPerms!
[04-10 23:12:52]: [INFO] Hooked successfully into PlaceholderAPI
[04-10 23:12:53]: [INFO] 
    ___         __  __    __  ___   
   /   | __  __/ /_/ /_  /  |/  /__ 
  / /| |/ / / / __/ __ \/ /|_/ / _ \
 / ___ / /_/ / /_/ / / / /  / /  __/
/_/  |_\__,_/\__/_/ /_/_/  /_/\___/ 
                                    
[04-10 23:12:53]: [INFO] AuthMeReReloaded is running on Folia
[04-10 23:12:53]: [INFO] AuthMeReReloaded is enabled successfully!
[04-10 23:12:53]: [INFO] GitHub: https://github.com/HaHaWTH/AuthMeReReloaded/
[04-10 23:12:53]: [INFO] Checking for updates...
[04-10 23:12:53]: [INFO] You are running the latest version.
[04-10 23:15:24]: [INFO:FINE] txrog logged in 127.0.0.1
[04-10 23:22:44]: [INFO:FINE] txrog logged in 127.0.0.1
[04-11 00:08:43]: [INFO:FINE] txrog logged in 127.0.0.1
[04-11 00:55:39]: [INFO] H2 Setup finished
[04-11 00:55:39]: [INFO] Using virtual threads for cache loader
[04-11 00:55:39]: [INFO] Hooked into LuckPerms!
[04-11 00:55:39]: [INFO] Hooked successfully into PlaceholderAPI
[04-11 00:55:40]: [INFO] 
    ___         __  __    __  ___   
   /   | __  __/ /_/ /_  /  |/  /__ 
  / /| |/ / / / __/ __ \/ /|_/ / _ \
 / ___ / /_/ / /_/ / / / /  / /  __/
/_/  |_\__,_/\__/_/ /_/_/  /_/\___/ 
                                    
[04-11 00:55:40]: [INFO] AuthMeReReloaded is running on Folia
[04-11 00:55:40]: [INFO] AuthMeReReloaded is enabled successfully!
[04-11 00:55:40]: [INFO] GitHub: https://github.com/HaHaWTH/AuthMeReReloaded/
[04-11 00:55:40]: [INFO] Checking for updates...
[04-11 00:55:40]: [INFO] You are running the latest version.
[04-11 00:56:25]: [INFO:FINE] txrog logged in 127.0.0.1
[04-11 08:51:51]: [INFO] H2 Setup finished
[04-11 08:51:51]: [INFO] Using virtual threads for cache loader
[04-11 08:51:51]: [INFO] Hooked into LuckPerms!
[04-11 08:51:51]: [INFO] Hooked successfully into PlaceholderAPI
[04-11 08:51:52]: [INFO] 
    ___         __  __    __  ___   
   /   | __  __/ /_/ /_  /  |/  /__ 
  / /| |/ / / / __/ __ \/ /|_/ / _ \
 / ___ / /_/ / /_/ / / / /  / /  __/
/_/  |_\__,_/\__/_/ /_/_/  /_/\___/ 
                                    
[04-11 08:51:52]: [INFO] AuthMeReReloaded is running on Folia
[04-11 08:51:52]: [INFO] AuthMeReReloaded is enabled successfully!
[04-11 08:51:52]: [INFO] GitHub: https://github.com/HaHaWTH/AuthMeReReloaded/
[04-11 08:51:52]: [INFO] Checking for updates...
[04-11 08:51:52]: [INFO] You are running the latest version.
[04-11 08:57:45]: [INFO:FINE] txrog logged in 127.0.0.1
[04-11 09:00:09]: [INFO:FINE] txro registered 127.0.0.1
[04-11 09:00:21]: [INFO:FINE] txro logged in 127.0.0.1
[04-11 09:03:48]: [INFO:FINE] txrog logged in 127.0.0.1
[04-11 09:53:52]: [INFO:FINE] txrog logged in 127.0.0.1
[04-11 10:07:41]: [INFO] H2 Setup finished
[04-11 10:07:41]: [INFO] Using virtual threads for cache loader
[04-11 10:07:41]: [INFO] Hooked into LuckPerms!
[04-11 10:07:41]: [INFO] Hooked successfully into PlaceholderAPI
[04-11 10:07:41]: [INFO] 
    ___         __  __    __  ___   
   /   | __  __/ /_/ /_  /  |/  /__ 
  / /| |/ / / / __/ __ \/ /|_/ / _ \
 / ___ / /_/ / /_/ / / / /  / /  __/
/_/  |_\__,_/\__/_/ /_/_/  /_/\___/ 
                                    
[04-11 10:07:41]: [INFO] AuthMeReReloaded is running on Folia
[04-11 10:07:41]: [INFO] AuthMeReReloaded is enabled successfully!
[04-11 10:07:41]: [INFO] GitHub: https://github.com/HaHaWTH/AuthMeReReloaded/
[04-11 10:07:41]: [INFO] Checking for updates...
[04-11 10:07:42]: [INFO] You are running the latest version.
[04-11 10:14:16]: [INFO:FINE] txrog logged in 127.0.0.1
[04-11 10:36:59]: [INFO] H2 Setup finished
[04-11 10:36:59]: [INFO] Using virtual threads for cache loader
[04-11 10:36:59]: [INFO] Hooked into LuckPerms!
[04-11 10:36:59]: [INFO] Hooked successfully into PlaceholderAPI
[04-11 10:36:59]: [INFO] 
    ___         __  __    __  ___   
   /   | __  __/ /_/ /_  /  |/  /__ 
  / /| |/ / / / __/ __ \/ /|_/ / _ \
 / ___ / /_/ / /_/ / / / /  / /  __/
/_/  |_\__,_/\__/_/ /_/_/  /_/\___/ 
                                    
[04-11 10:36:59]: [INFO] AuthMeReReloaded is running on Folia
[04-11 10:36:59]: [INFO] AuthMeReReloaded is enabled successfully!
[04-11 10:36:59]: [INFO] GitHub: https://github.com/HaHaWTH/AuthMeReReloaded/
[04-11 10:36:59]: [INFO] Checking for updates...
[04-11 10:36:59]: [INFO] You are running the latest version.
[04-11 10:38:15]: [INFO:FINE] txrog logged in 127.0.0.1
[04-11 11:15:58]: [INFO] H2 Setup finished
[04-11 11:15:58]: [INFO] Using virtual threads for cache loader
[04-11 11:15:58]: [INFO] Hooked into LuckPerms!
[04-11 11:15:58]: [INFO] Hooked successfully into PlaceholderAPI
[04-11 11:15:59]: [INFO] 
    ___         __  __    __  ___   
   /   | __  __/ /_/ /_  /  |/  /__ 
  / /| |/ / / / __/ __ \/ /|_/ / _ \
 / ___ / /_/ / /_/ / / / /  / /  __/
/_/  |_\__,_/\__/_/ /_/_/  /_/\___/ 
                                    
[04-11 11:15:59]: [INFO] AuthMeReReloaded is running on Folia
[04-11 11:15:59]: [INFO] AuthMeReReloaded is enabled successfully!
[04-11 11:15:59]: [INFO] GitHub: https://github.com/HaHaWTH/AuthMeReReloaded/
[04-11 11:15:59]: [INFO] Checking for updates...
[04-11 11:15:59]: [INFO] You are running the latest version.
[04-11 11:18:14]: [INFO] H2 Setup finished
[04-11 11:18:14]: [INFO] Using virtual threads for cache loader
[04-11 11:18:14]: [INFO] Hooked into LuckPerms!
[04-11 11:18:14]: [INFO] Hooked successfully into PlaceholderAPI
[04-11 11:18:14]: [INFO] 
    ___         __  __    __  ___   
   /   | __  __/ /_/ /_  /  |/  /__ 
  / /| |/ / / / __/ __ \/ /|_/ / _ \
 / ___ / /_/ / /_/ / / / /  / /  __/
/_/  |_\__,_/\__/_/ /_/_/  /_/\___/ 
                                    
[04-11 11:18:14]: [INFO] AuthMeReReloaded is running on Folia
[04-11 11:18:14]: [INFO] AuthMeReReloaded is enabled successfully!
[04-11 11:18:14]: [INFO] GitHub: https://github.com/HaHaWTH/AuthMeReReloaded/
[04-11 11:18:14]: [INFO] Checking for updates...
[04-11 11:18:14]: [INFO] You are running the latest version.
[04-11 11:18:53]: [INFO:FINE] txrog logged in 127.0.0.1
[04-11 11:20:37]: [INFO] H2 Setup finished
[04-11 11:20:37]: [INFO] Using virtual threads for cache loader
[04-11 11:20:37]: [INFO] Hooked into LuckPerms!
[04-11 11:20:38]: [INFO] Hooked successfully into PlaceholderAPI
[04-11 11:20:38]: [INFO] 
    ___         __  __    __  ___   
   /   | __  __/ /_/ /_  /  |/  /__ 
  / /| |/ / / / __/ __ \/ /|_/ / _ \
 / ___ / /_/ / /_/ / / / /  / /  __/
/_/  |_\__,_/\__/_/ /_/_/  /_/\___/ 
                                    
[04-11 11:20:38]: [INFO] AuthMeReReloaded is running on Folia
[04-11 11:20:38]: [INFO] AuthMeReReloaded is enabled successfully!
[04-11 11:20:38]: [INFO] GitHub: https://github.com/HaHaWTH/AuthMeReReloaded/
[04-11 11:20:38]: [INFO] Checking for updates...
[04-11 11:20:38]: [INFO] You are running the latest version.
[04-11 11:22:02]: [INFO:FINE] txrog logged in 127.0.0.1
[04-11 11:46:45]: [INFO] H2 Setup finished
[04-11 11:46:45]: [INFO] Using virtual threads for cache loader
[04-11 11:46:45]: [INFO] Hooked into LuckPerms!
[04-11 11:46:45]: [INFO] Hooked successfully into PlaceholderAPI
[04-11 11:46:45]: [INFO] 
    ___         __  __    __  ___   
   /   | __  __/ /_/ /_  /  |/  /__ 
  / /| |/ / / / __/ __ \/ /|_/ / _ \
 / ___ / /_/ / /_/ / / / /  / /  __/
/_/  |_\__,_/\__/_/ /_/_/  /_/\___/ 
                                    
[04-11 11:46:45]: [INFO] AuthMeReReloaded is running on Folia
[04-11 11:46:45]: [INFO] AuthMeReReloaded is enabled successfully!
[04-11 11:46:45]: [INFO] GitHub: https://github.com/HaHaWTH/AuthMeReReloaded/
[04-11 11:46:45]: [INFO] Checking for updates...
[04-11 11:46:46]: [INFO] You are running the latest version.
[04-11 11:47:26]: [INFO:FINE] txrog logged in 127.0.0.1
